[backblue.gif]
[fade.gif]
[index.html]
[www.youkeb.com/js/comm/jquery.min.js]
[www.youkeb.com/js/comm/jquery.lazyload.min.js]
[www.youkeb.com/js/comm/jquery.nicescroll.min.js]
[www.youkeb.com/js/comm/ubox.js]
[www.youkeb.com/js/comm/wow.js]
[www.youkeb.com/js/comm/alert.js]
[www.youkeb.com/js/02240969004d.js]
[www.youkeb.com/js/comm/comm.js]
[www.youkeb.com/js/comm/transform35c0.js]
[www.youkeb.com/res/lang/style_1/transform35c0.js]
[www.youkeb.com/img/logo004d.png]
[www.youkeb.com/img/upimages/pkgimg/icon/icon19.png]
[www.youkeb.com/img/upimages/pkgimg/icon/icon20.png]
[cdn.yun.sooce.cn/4/66083/jpg/165223639430259ae148ddb2d831e0e65.jpg]
[cdn.yun.sooce.cn/4/66083/png/1698376679883e84dc732475a3f2c539b0bf3bd8104f743b7.png]
[cdn.yun.sooce.cn/4/66083/png/16983766839749494e412c2b376a22e40c49b4c42cc92e92d.png]
[cdn.yun.sooce.cn/4/66083/png/1698376576632178aa8c5b22d7fbc1601db3d7b92a17cbb13.png]
[www.youkeb.com/img/upimages/pkgimg/icon/icon1.png]
[cdn.yun.sooce.cn/4/66083/png/1652241513688460dd17ca5e51168e4d9.png]
[cdn.yun.sooce.cn/4/66083/jpg/1654614225071be042eb32c1f8a3b91a2.jpg]
[cdn.yun.sooce.cn/4/66083/jpg/16641825915032abfb31de8037aa3e4d9.jpg]
[cdn.yun.sooce.cn/4/66083/jpg/1664182608109762bc1585123e0ffe4d9.jpg]
[cdn.yun.sooce.cn/4/66083/jpg/166418276531470f44ba0a68739a78d0b.jpg]
[cdn.yun.sooce.cn/4/66083/jpg/166418779830573602e2319e09b54e4d9.jpg]
[cdn.yun.sooce.cn/4/66083/jpg/16644536699357cfb8dd416a0f5266c4f.jpg]
[cdn.yun.sooce.cn/4/66083/jpg/1664453669932b239c704eacc67b213b7.jpg]
[cdn.yun.sooce.cn/4/66083/jpg/16644536699343895b6d57e14616022fc.jpg]
[cdn.yun.sooce.cn/4/66083/jpg/16644536699313ce5125dcd19a6b8e4d9.jpg]
[cdn.yun.sooce.cn/4/66083/jpg/1698390167409e59a421522a707876060a6da36c90a82e4d9.jpg]
[cdn.yun.sooce.cn/4/66083/jpg/16983901743091fc1f005d62aed8ab1b06912d1450964e4d9.jpg]
[cdn.yun.sooce.cn/4/66083/jpg/16983901789843ea5a0bca99fab5508d6eca223ccb08ae4d9.jpg]
[cdn.yun.sooce.cn/4/66083/png/1698390388932f94ebdd4c7ef334e1d2d91bd95a36180e4d9.png]
[cdn.yun.sooce.cn/4/66083/jpg/1698390553072752c539354eaacd39aaca4d9a770c7e2e4d9.jpg]
[cdn.yun.sooce.cn/4/66083/jpg/16983907126409d87a2cfc856d52eb82253ea39ecbb93e4d9.jpg]
[cdn.yun.sooce.cn/4/66083/jpg/1698390865357ed0e0d0d3277862956185d21ede58726e4d9.jpg]
[cdn.yun.sooce.cn/4/66083/jpg/1698390874085cf3d8e2eff6a57cff8008478bebb3536e4d9.jpg]
[cdn.yun.sooce.cn/4/66083/jpg/1664272722665c9eb529f9329bdf4e4d9.jpg]
[cdn.yun.sooce.cn/4/66083/jpg/1664270429335bb874403887c5cfbe4d9.png]
[cdn.yun.sooce.cn/4/66083/jpg/166445331500771afaadd83d4c16d5dc8.png]
[cdn.yun.sooce.cn/4/66083/jpg/16522401799452678bc135d0f1b37e4d9.jpg]
[cdn.yun.sooce.cn/4/66083/png/165223991534359ed5ffcd7468e2b1178.png]
[www.youkeb.com/img/upimages/pkgimg/icon/icon2.png]
[www.youkeb.com/img/upimages/pkgimg/icon/icon3.png]
[www.youkeb.com/img/upimages/pkgimg/icon/icon4.png]
[www.youkeb.com/img/upimages/pkgimg/icon/icon9.png]
[www.youkeb.com/img/upimages/pkgimg/icon/icon12.png]
[www.youkeb.com/img/upimages/pkgimg/icon/icon11.png]
[www.youkeb.com/img/upimages/pkgimg/icon/icon8.png]
[www.youkeb.com/img/upimages/pkgimg/icon/icon10.png]
[www.youkeb.com/js/02240969_model9d9a.js]
[www.youkeb.com/js/comm_user9d9a.js]
[www.youkeb.com/index.html]
[www.youkeb.com/img/upimages/favicon.html]
[www.youkeb.com/css/comm/font/fonts/fontawesome-webfont3e6e.eot]
[admin.mifwl.com/webapp/UserPanel/share/js.js]
[www.youkeb.com/css/comm/font/fonts/fontawesome-webfontd41d.eot]
[www.youkeb.com/css/comm/font/fonts/fontawesome-webfont3e6e.woff2]
[www.youkeb.com/css/comm/font/fonts/fontawesome-webfont3e6e.woff]
[www.youkeb.com/css/comm/font/fonts/fontawesome-webfont3e6e.ttf]
[www.youkeb.com/css/comm/font/css/font-awesome.min.css]
[www.youkeb.com/css/comm/animate.min.css]
[www.youkeb.com/css/comm/box.css]
[www.youkeb.com/img/comm/warning.png]
[www.youkeb.com/img/comm/icon_ok.png]
[www.youkeb.com/css/comm/alert.css]
[www.youkeb.com/css/comm/comm004d.css]
[cdn.yun.sooce.cn/4/66083/jpg/16983896585162bd7bcb2f26ab1b2e813599ce6e9883ee4d9.jpg]
[www.youkeb.com/css/02240969004d.css]
[www.youkeb.com/css/comm/iconfontc4ca.css]
[www.youkeb.com/index-2.html]
[cdn.yun.sooce.cn/4/66083/jpg/16983787546738a993752e9658af101972ed98de10a8c255d.jpg]
[www.youkeb.com/js/022409719d9a.js]
[www.youkeb.com/img/logo9d9a.png]
[cdn.yun.sooce.cn/4/66083/jpg/1698391722583ac61948e8b6c01ec33c4a3b52057b955b66d.jpg]
[cdn.yun.sooce.cn/4/66083/jpg/169839171649445599ee79f1f1bc979f9482526fe32498401.jpg]
[cdn.yun.sooce.cn/4/66083/jpg/1698391024429270ca31a1eddfd38d48eb6a1f4786702e4d9.jpg]
[cdn.yun.sooce.cn/4/66083/jpg/16983910328402e394ada3570922b04e345ec4fd87be3e4d9.jpg]
[cdn.yun.sooce.cn/4/66083/jpg/16983910507375492d95ffd009dbfa6b43fffae4bcb07e4d9.jpg]
[www.youkeb.com/2240971-2240971.html]
[www.youkeb.com/js/02240971_model9d9a.js]
[www.youkeb.com/js/022409739d9a.js]
[www.youkeb.com/img/productList/style_36/shopping_cart.png]
[cdn.yun.sooce.cn/4/66083/jpg/1698387367724d6b434af7f821e4c610b1629e43d276ce4d9.jpg]
[cdn.yun.sooce.cn/4/66083/jpg/1698387372988a88b2c1190c7e65929d7559201b8663c96c3.jpg]
[cdn.yun.sooce.cn/4/66083/jpg/1698387384162e5317677e1c5a7416e8599056bd939e9081b.jpg]
[cdn.yun.sooce.cn/4/66083/jpg/16983873881963791289957ef1cb84925195a61f6a1330f6d.jpg]
[www.youkeb.com/js/02240973_model9d9a.js]
[www.youkeb.com/2240973-2240973.html]
[www.youkeb.com/js/022409759d9a.js]
[cdn.yun.sooce.cn/4/66083/png/1698388767489948115f74553ea00.png]
[cdn.yun.sooce.cn/4/66083/png/16983891711185ae5119c30ecaa99.png]
[cdn.yun.sooce.cn/4/66083/png/1698393124156b0720975a03dc837.png]
[www.youkeb.com/js/02240975_modela7a6.js]
[www.youkeb.com/js/comm_usera7a6.js]
[www.youkeb.com/2240975-2240975.html]
[www.youkeb.com/js/02240977a7a6.js]
[www.youkeb.com/img/logoa7a6.png]
[www.youkeb.com/img/upimages/pkgimg/icon/icon13.png]
[www.youkeb.com/img/upimages/pkgimg/icon/icon15.png]
[www.youkeb.com/img/upimages/pkgimg/icon/icon14.png]
[www.youkeb.com/img/upimages/pkgimg/icon/icon18.png]
[www.youkeb.com/img/upimages/pkgimg/icon/icon16.png]
[www.youkeb.com/img/upimages/pkgimg/icon/icon17.png]
[www.youkeb.com/js/02240977_modela7a6.js]
[www.youkeb.com/2240977-2240977.html]
[www.youkeb.com/js/02240979a7a6.js]
[www.youkeb.com/img/upimages/pkgimg/icon/icon5.png]
[www.youkeb.com/img/upimages/pkgimg/icon/icon6.png]
[www.youkeb.com/img/upimages/pkgimg/icon/icon7.png]
[www.youkeb.com/js/02240979_modela7a6.js]
[www.youkeb.com/2240979-2240979.html]
[www.youkeb.com/indexbc7c.html]
[www.youkeb.com/js/comm/alert_en.js]
[www.youkeb.com/js/0224098507c1.js]
[www.youkeb.com/img/upimages/pkgimg/banner/banner2.jpg]
[www.youkeb.com/img/upimages/pkgimg/banner/banner3.jpg]
[www.youkeb.com/img/upimages/pkgimg/picture/20190821174937231.png]
[www.youkeb.com/img/upimages/pkgimg/picture/2019082117493759.png]
[www.youkeb.com/img/upimages/pkgimg/picture/20190823163618839.jpg]
[www.youkeb.com/img/upimages/pkgimg/picture/20190823163627166.jpg]
[www.youkeb.com/img/upimages/pkgimg/picture/20190823163635554.jpg]
[www.youkeb.com/img/upimages/pkgimg/picture/20190823163644289.jpg]
[www.youkeb.com/img/upimages/pkgimg/picture/20190822141202894.png]
[www.youkeb.com/img/upimages/pkgimg/logo/logo.png]
[www.youkeb.com/js/02240985_model89c2.js]
[www.youkeb.com/js/comm_user89c2.js]
[www.youkeb.com/copy_index_1354119bf8.html]
[www.youkeb.com/js/02240981a7a6.js]
[www.youkeb.com/img/prodPic/style_02/1.jpg]
[www.youkeb.com/img/prodPic/style_02/diy_preIcon.png]
[www.youkeb.com/img/prodPic/style_02/videoCover.png]
[www.youkeb.com/img/prodPic/style_02/img.jpg]
[www.youkeb.com/img/prodPic/style_02/diy_nextIcon.png]
[www.youkeb.com/res/prodPic/style_02/jquery.event.drag-1.5.min.js]
[www.youkeb.com/res/prodPic/style_02/jquery.touchSlider.js]
[www.youkeb.com/res/prodPic/style_02/jdMarquee.js]
[www.youkeb.com/res/prodPic/style_02/imagezoom.min.js]
[cdn.yun.sooce.cn/4/66083/jpg/169838743634140f7100db23b393e1ea6d9f1c544917e280b.jpg]
[admin.mifwl.com/js/prodinfoV9716d.js]
[www.youkeb.com/js/02240981_model07c1.js]
[www.youkeb.com/js/02240981_user07c1.js]
[www.youkeb.com/js/comm_user07c1.js]
[www.youkeb.com/2240981-22409812e64.html]
[www.youkeb.com/2240981-224098181ea.html]
[www.youkeb.com/2240981-22409815768.html]
[www.youkeb.com/2240981-22409817164.html]
[www.youkeb.com/js/0224098307c1.js]
[www.youkeb.com/img/logo07c1.png]
[admin.mifwl.com/css/smartphoto.min.css]
[admin.mifwl.com/js/jquery-smartphoto.js]
[www.youkeb.com/js/02240983_model07c1.js]
[www.youkeb.com/2240983-2240983e5ee.html]
[www.youkeb.com/2240983-224098385fa.html]
[www.youkeb.com/2240983-22409832548.html]
[www.youkeb.com/css/comm/font/fonts/fontawesome-webfont3e6e.svg]
[www.youkeb.com/css/comm/comm9d9a.css]
[www.youkeb.com/css/022409719d9a.css]
[www.youkeb.com/css/022409739d9a.css]
[www.youkeb.com/2240981-2240981bf2a.html]
[www.youkeb.com/2240981-22409818ab5.html]
[www.youkeb.com/2240981-2240981df7a.html]
[www.youkeb.com/2240981-2240981c092.html]
[www.youkeb.com/css/022409759d9a.css]
[www.youkeb.com/2240983-2240983dad1.html]
[www.youkeb.com/2240983-2240983764d.html]
[www.youkeb.com/2240983-22409832f0b.html]
[www.youkeb.com/css/comm/comma7a6.css]
[www.youkeb.com/css/02240977a7a6.css]
[www.youkeb.com/css/02240979a7a6.css]
[www.youkeb.com/css/comm/comm07c1.css]
[www.youkeb.com/css/0224098507c1.css]
[www.youkeb.com/copy_index_135411.html]
[www.youkeb.com/js/0224098789c2.js]
[www.youkeb.com/img/upimages/pkgimg/banner/20190822150135640.jpg]
[www.youkeb.com/img/upimages/pkgimg/picture/20190822154823764.jpg]
[www.youkeb.com/img/upimages/pkgimg/picture/20190822170010649.jpg]
[www.youkeb.com/img/upimages/pkgimg/picture/20190822154835891.jpg]
[www.youkeb.com/js/02240987_model89c2.js]
[www.youkeb.com/copy_2_344224_135411.html]
[www.youkeb.com/js/0224098989c2.js]
[www.youkeb.com/img/upimages/pkgimg/banner/20190822153259978.jpg]
[www.youkeb.com/js/02240989_model89c2.js]
[www.youkeb.com/copy_2_344225_135411.html]
[www.youkeb.com/js/0224099189c2.js]
[www.youkeb.com/img/upimages/pkgimg/banner/20190822153426246.jpg]
[www.youkeb.com/js/02240991_model89c2.js]
[www.youkeb.com/copy_2_344226_135411.html]
[www.youkeb.com/js/022409931e05.js]
[www.youkeb.com/img/upimages/pkgimg/banner/20190822153545294.jpg]
[www.youkeb.com/js/02240993_model1e05.js]
[www.youkeb.com/js/comm_user1e05.js]
[www.youkeb.com/copy_2_344227_135411.html]
[www.youkeb.com/js/022409951e05.js]
[www.youkeb.com/img/upimages/pkgimg/banner/20190822153502272.jpg]
[www.youkeb.com/img/map/style_01/us_cursor.gif]
[www.youkeb.com/js/02240995_model1e05.js]
[www.youkeb.com/copy_2_344228_135411.html]
[www.youkeb.com/img/logo_289c2.png]
[www.youkeb.com/res/prodPic/style_02/btn_main_img.png]
[www.youkeb.com/img/prodInfor/style_04/scBg.png]
[www.youkeb.com/img/prodInfor/style_04/shareBg.png]
[www.youkeb.com/css/02240981a7a6.css]
[www.youkeb.com/2240981-2240981bbc5.html]
[www.youkeb.com/img/newsDetail/style_01/selectIcon01.png]
[www.youkeb.com/css/0224098307c1.css]
[admin.mifwl.com/css/smartphoto.min.css]
[www.youkeb.com/css/comm/comm89c2.css]
[www.youkeb.com/css/0224098789c2.css]
[www.youkeb.com/css/0224098989c2.css]
[www.youkeb.com/css/0224099189c2.css]
[www.youkeb.com/css/comm/comm1e05.css]
[www.youkeb.com/css/022409931e05.css]
[www.youkeb.com/img/logo_21e05.png]
[www.youkeb.com/css/022409951e05.css]
[www.youkeb.com/res/prodPic/style_02/mask.html]
